
   FAIL  Tests\Feature\MenuTest
  Γ£ô public users can view meΓÇª 0.65s  
  Γ¿» admin can create menu     0.15s  
  Γ£ô admin can update menu     0.18s  
  Γ£ô admin can delete menu     0.17s  
  ΓöÇΓöÇΓöÇΓöÇΓöÇΓöÇΓöÇΓöÇΓöÇΓöÇΓöÇΓöÇΓöÇΓöÇΓöÇΓöÇΓöÇΓöÇΓöÇΓöÇΓöÇΓöÇΓöÇΓöÇΓöÇΓöÇΓöÇΓöÇΓöÇΓöÇΓöÇΓöÇΓöÇ  
   FAILED  TestsΓÇª  LogicException   
  GD extension is not installed.

  at vendor\laravel\framework\src\Illuminate\Http\Testing\FileFactory.php:77
     73Γûò      */
     74Γûò     protected function generateImage($width, $height, $extension)
     75Γûò     {
     76Γûò         if (! function_exists('imagecreatetruecolor')) {
  Γ₧£  77Γûò             throw new LogicException('GD extension is not installed.');
     78Γûò         }
     79Γûò 
     80Γûò         return tap(tmpfile(), function ($temp) use ($width, $height, $extension) {
     81Γûò             ob_start();

  1   vendor\laravel\framework\src\Illuminate\Http\Testing\FileFactory.php:77
  2   vendor\laravel\framework\src\Illuminate\Http\Testing\FileFactory.php:59


  Tests:    1 failed, 3 passed (8 assertions)
  Duration: 1.35s

